
> ekko@0.0.0 build
> vite build

[36mvite v6.4.1 [32mbuilding for production...[36m[39m
transforming...
[32mÔ£ô[39m 2703 modules transformed.
rendering chunks...
computing gzip size...
[2mdist/[22m[32mindex.html                          [39m[1m[2m    9.58 kB[22m[1m[22m[2m Ôöé gzip:   2.90 kB[22m
[2mdist/[22m[35massets/index-rRklqJxW.css           [39m[1m[2m    4.32 kB[22m[1m[22m[2m Ôöé gzip:   1.28 kB[22m
[2mdist/[22m[36massets/purify.es-B9ZVCkUG.js        [39m[1m[2m   22.64 kB[22m[1m[22m[2m Ôöé gzip:   8.75 kB[22m
[2mdist/[22m[36massets/vendor-DR9XyXcH.js           [39m[1m[2m   47.78 kB[22m[1m[22m[2m Ôöé gzip:  11.15 kB[22m
[2mdist/[22m[36massets/index.es-DEeiyEkS.js         [39m[1m[2m  159.48 kB[22m[1m[22m[2m Ôöé gzip:  53.48 kB[22m
[2mdist/[22m[36massets/html2canvas.esm-QH1iLAAe.js  [39m[1m[2m  202.38 kB[22m[1m[22m[2m Ôöé gzip:  48.04 kB[22m
[2mdist/[22m[36massets/calendar-BrSXunbe.js         [39m[1m[2m  203.48 kB[22m[1m[22m[2m Ôöé gzip:  62.48 kB[22m
[2mdist/[22m[36massets/charts-CjM7MyLM.js           [39m[1m[2m  393.15 kB[22m[1m[22m[2m Ôöé gzip: 108.21 kB[22m
[2mdist/[22m[36massets/index-aLvsZBuc.js            [39m[1m[33m2,174.45 kB[39m[22m[2m Ôöé gzip: 628.63 kB[22m
node.exe : [33m
No linha:1 caractere:1
+ & "C:\Program 
Files\nodejs/node.exe" 
"C:\Program 
Files\nodejs/node_mo 
...
+ ~~~~~~~~~~~~~~~~~~~~~
~~~~~~~~~~~~~~~~~~~~~~~
~~~~~~~~~~~~~~~~~~~~~~~
~~
    + CategoryInfo     
         : NotSpecifi  
  ed: ([33m:String)   
  [], RemoteExcepti    
on
    + FullyQualifiedEr 
   rorId : NativeComm  
  andError
 
(!) Some chunks are 
larger than 2000 kB 
after minification. 
Consider:
- Using dynamic 
import() to code-split 
the application
- Use build.rollupOptio
ns.output.manualChunks 
to improve chunking: ht
tps://rollupjs.org/conf
iguration-options/#outp
ut-manualchunks
- Adjust chunk size 
limit for this warning 
via build.chunkSizeWarn
ingLimit.[39m
[32mÔ£ô built in 10.73s[39m
